[36mvite v7.2.7 [32mbuilding client environment for production...[36m[39m
transforming...
[32mΓ£ô[39m 2045 modules transformed.
node.exe : [31mΓ£ù[39m Build 
failed in 3.04s
At line:1 char:1
+ & "C:\Program 
Files\nodejs/node.exe" 
"C:\Users\Prince\AppData\Roaming ...
+ ~~~~~~~~~~~~~~~~~~~~~~~~~~~~~~~~~~
~~~~~~~~~~~~~~~~~~~~~~~~~~~~~~~~~~~
    + CategoryInfo          : NotSp 
   ecified: ([31mΓ£ù[39m Build f  
  ailed in 3.04s:String) [], Remo   
 teException
    + FullyQualifiedErrorId : Nativ 
   eCommandError
 
[31merror during build:
[31msrc/components/RecommendedProdu
cts.jsx (3:9): "CartContext" is not 
exported by 
"src/context/CartContext.jsx", 
imported by "src/components/Recommen
dedProducts.jsx".[31m
file: [36mC:/Users/Prince/OneDrive/
Documents/Placement/Army SMP-2/src/c
omponents/RecommendedProducts.jsx:3:
9[31m
[33m
1: import React, { useState, 
useEffect, useContext } from 
'react';
2: import { ChevronLeft, 
ChevronRight, TrendingUp, Sparkles, 
Package } from 'lucide-react';
3: import { CartContext } from 
'../context/CartContext';
            ^
4: import 
'./RecommendedProducts.css';
[31m
    at getRollupError (file:///C:/Us
ers/Prince/OneDrive/Documents/Placem
ent/Army%20SMP-2/node_modules/rollup
/dist/es/shared/parseAst.js:401:41)
    at error (file:///C:/Users/Princ
e/OneDrive/Documents/Placement/Army%
20SMP-2/node_modules/rollup/dist/es/
shared/parseAst.js:397:42)
    at Module.error (file:///C:/User
s/Prince/OneDrive/Documents/Placemen
t/Army%20SMP-2/node_modules/rollup/d
ist/es/shared/node-entry.js:16956:16
)
    at Module.traceVariable (file://
/C:/Users/Prince/OneDrive/Documents/
Placement/Army%20SMP-2/node_modules/
rollup/dist/es/shared/node-entry.js:
17412:29)
    at ModuleScope.findVariable (fil
e:///C:/Users/Prince/OneDrive/Docume
nts/Placement/Army%20SMP-2/node_modu
les/rollup/dist/es/shared/node-entry
.js:15076:39)
    at 
ReturnValueScope.findVariable (file:
///C:/Users/Prince/OneDrive/Document
s/Placement/Army%20SMP-2/node_module
s/rollup/dist/es/shared/node-entry.j
s:5649:38)
    at 
FunctionBodyScope.findVariable (file
:///C:/Users/Prince/OneDrive/Documen
ts/Placement/Army%20SMP-2/node_modul
es/rollup/dist/es/shared/node-entry.
js:5649:38)
    at Identifier.bind (file:///C:/U
sers/Prince/OneDrive/Documents/Place
ment/Army%20SMP-2/node_modules/rollu
p/dist/es/shared/node-entry.js:5423:
40)
    at CallExpression.bind (file:///
C:/Users/Prince/OneDrive/Documents/P
lacement/Army%20SMP-2/node_modules/r
ollup/dist/es/shared/node-entry.js:2
809:28)
    at CallExpression.bind (file:///
C:/Users/Prince/OneDrive/Documents/P
lacement/Army%20SMP-2/node_modules/r
ollup/dist/es/shared/node-entry.js:1
2123:15)[39m
